# /proc/meminfo

```sh
$ cat /proc/meminfo
-------------------
MemTotal:       32901432 kB
MemFree:        10647220 kB
MemAvailable:   13678540 kB
Buffers:          309368 kB
Cached:          2685184 kB
SwapCached:         9040 kB
Active:         10006600 kB
Inactive:        2120928 kB
Active(anon):    8546868 kB
Inactive(anon):  1117884 kB
Active(file):    1459732 kB
Inactive(file):  1003044 kB
Unevictable:     8608532 kB
Mlocked:         8608532 kB
SwapTotal:      20971516 kB
SwapFree:       20778636 kB
Dirty:               328 kB
Writeback:             0 kB
AnonPages:      17733112 kB
Mapped:           864128 kB
Shmem:            506560 kB
Slab:            1075112 kB
SReclaimable:     969208 kB
SUnreclaim:       105904 kB
KernelStack:       45152 kB
PageTables:       193812 kB
NFS_Unstable:          0 kB
Bounce:                0 kB
WritebackTmp:          0 kB
CommitLimit:    37422232 kB
Committed_AS:   47001924 kB
VmallocTotal:   34359738367 kB
VmallocUsed:           0 kB
VmallocChunk:          0 kB
HardwareCorrupted:     0 kB
AnonHugePages:         0 kB
CmaTotal:              0 kB
CmaFree:               0 kB
HugePages_Total:       0
HugePages_Free:        0
HugePages_Rsvd:        0
HugePages_Surp:        0
Hugepagesize:       2048 kB
DirectMap4k:      869320 kB
DirectMap2M:    32638976 kB
```
